[edu.google.com/intl/en/products/classroom/index.html]
[backblue.gif]
[fade.gif]
[index.html]
[edu.google.com/images/social_image.jpg]
[www.googletagmanager.com/gtmb1bf.js]
[edu.google.com/assets/icons/mobile-app-stores/play-store.png]
[edu.google.com/assets/icons/mobile-app-stores/app-store.png]
[www.gstatic.com/brandstudio/kato/cookie_choice_component/cookie_consent_bar.v2.js]
[ajax.googleapis.com/ajax/libs/angularjs/1.6.10/angular.min.js]
[ajax.googleapis.com/ajax/libs/angularjs/1.6.10/angular-animate.min.js]
[ajax.googleapis.com/ajax/libs/angularjs/1.6.10/angular-touch.min.js]
[ajax.googleapis.com/ajax/libs/angularjs/1.6.10/angular-route.min.js]
[ajax.googleapis.com/ajax/libs/angularjs/1.6.10/angular-sanitize.min.js]
[www.gstatic.com/external_hosted/hammerjs/v2_0_2/hammer.min.js]
[edu.google.com/js/polyfill/main.min.js]
[edu.google.com/js/main/main.min.js]
[edu.google.com/intl/en/products/classroom/index.html]
[edu.google.com/assets/icons/forms/gfe-flags.jpg]
[edu.google.com/css/main/main.min.css]
